------------------------------------------------------------
Timing Analyzer Summary
------------------------------------------------------------

Type  : Slow 1100mV 85C Model Setup 'clk'
Slack : 0.128
TNS   : 0.000

Type  : Slow 1100mV 85C Model Hold 'clk'
Slack : 0.263
TNS   : 0.000

Type  : Slow 1100mV 85C Model Minimum Pulse Width 'clk'
Slack : -0.538
TNS   : -14.151

Type  : Slow 1100mV 0C Model Setup 'clk'
Slack : 0.135
TNS   : 0.000

Type  : Slow 1100mV 0C Model Hold 'clk'
Slack : 0.248
TNS   : 0.000

Type  : Slow 1100mV 0C Model Minimum Pulse Width 'clk'
Slack : -0.538
TNS   : -12.584

Type  : Fast 1100mV 85C Model Setup 'clk'
Slack : 0.538
TNS   : 0.000

Type  : Fast 1100mV 85C Model Hold 'clk'
Slack : 0.131
TNS   : 0.000

Type  : Fast 1100mV 85C Model Minimum Pulse Width 'clk'
Slack : -0.371
TNS   : -6.158

Type  : Fast 1100mV 0C Model Setup 'clk'
Slack : 0.562
TNS   : 0.000

Type  : Fast 1100mV 0C Model Hold 'clk'
Slack : 0.118
TNS   : 0.000

Type  : Fast 1100mV 0C Model Minimum Pulse Width 'clk'
Slack : -0.336
TNS   : -5.232

------------------------------------------------------------
